
> redleads-website@0.1.0 build
> next build

Γû▓ Next.js 16.1.1 (Turbopack)
- Environments: .env.local, .env.production
- Experiments (use with caution):
  ┬╖ serverActions

  Creating an optimized production build ...
node.exe : Error: Cannot apply unknown 
utility class `border-subtle`
At C:\nvm4w\nodejs\npm.ps1:29 char:3
+   & $NODE_EXE $NPM_CLI_JS $args
+   ~~~~~~~~~~~~~~~~~~~~~~~~~~~~~
    + CategoryInfo          : NotSpecified 
   : (Error: Cannot a...`border-subtle`:S  
  tring) [], RemoteException
    + FullyQualifiedErrorId : NativeComman 
   dError
 
    [2m[at onInvalidCandidate (C:\Users\hj
aya\.gemini\antigravity\scratch\redleads-we
bsite\node_modules\tailwindcss\dist\lib.js:
21:1511)][0m
    [2m[at Te (C:\Users\hjaya\.gemini\anti
gravity\scratch\redleads-website\node_modul
es\tailwindcss\dist\lib.js:16:36652)][0m
    [2m[at C:\Users\hjaya\.gemini\antigrav
ity\scratch\redleads-website\node_modules\t
ailwindcss\dist\lib.js:21:355][0m
    [2m[at Rr (C:\Users\hjaya\.gemini\anti
gravity\scratch\redleads-website\node_modul
es\tailwindcss\dist\lib.js:3:1718)][0m
    [2m[at _ (C:\Users\hjaya\.gemini\antig
ravity\scratch\redleads-website\node_module
s\tailwindcss\dist\lib.js:3:1377)][0m
    [2m[at $e (C:\Users\hjaya\.gemini\anti
gravity\scratch\redleads-website\node_modul
es\tailwindcss\dist\lib.js:21:172)][0m
    [2m[at un (C:\Users\hjaya\.gemini\anti
gravity\scratch\redleads-website\node_modul
es\tailwindcss\dist\lib.js:38:294)][0m
    [2m[at async cn (C:\Users\hjaya\.gemin
i\antigravity\scratch\redleads-website\node
_modules\tailwindcss\dist\lib.js:38:631)][
0m
    [2m[at async Xr (C:\Users\hjaya\.gemin
i\antigravity\scratch\redleads-website\node
_modules\@tailwindcss\node\dist\index.js:10
:3417)][0m
    [2m[at async I (C:\Users\hjaya\.gemini
\antigravity\scratch\redleads-website\node_
modules\@tailwindcss\postcss\dist\index.js:
10:3977)][0m

> Build error occurred
Error: Turbopack build failed with 1 
errors:
./app/globals.css
Error evaluating Node.js code
CssSyntaxError: tailwindcss: C:\Users\hjaya
\.gemini\antigravity\scratch\redleads-websi
te\app\globals.css:1:1: Cannot apply 
unknown utility class `border-subtle`
    at Input.error 
(node_modules/postcss/lib/input.js:135:16) 
[C:\Users\hjaya\.gemini\antigravity\scratch
\redleads-website\.next\build\chunks\node_m
odules_fe693df6._.js:4651:22]
    at Root.error 
(node_modules/postcss/lib/node.js:146:32) [
C:\Users\hjaya\.gemini\antigravity\scratch\
redleads-website\.next\build\chunks\node_mo
dules_fe693df6._.js:928:38]
    [at Object.Once (C:\Users\hjaya\.gemini
\antigravity\scratch\redleads-website\node_
modules\@tailwindcss\postcss\dist\index.js:
10:6911)]
    at async LazyResult.runAsync (node_modu
les/postcss/lib/lazy-result.js:293:11) [C:\
Users\hjaya\.gemini\antigravity\scratch\red
leads-website\.next\build\chunks\node_modul
es_fe693df6._.js:6206:21]
    at async transform (turbopack:///[turbo
pack-node]/transforms/postcss.ts:70:34) [C:
\Users\hjaya\.gemini\antigravity\scratch\re
dleads-website\.next\build\chunks\[root-of-
the-server]__51225daf._.js:146:36]
    at async run (turbopack:///[turbopack-n
ode]/ipc/evaluate.ts:92:23) [C:\Users\hjaya
\.gemini\antigravity\scratch\redleads-websi
te\.next\build\chunks\[root-of-the-server]_
_974941ed._.js:443:31]

Import trace:
  Client Component Browser:
    ./app/globals.css [Client Component 
Browser]
    ./app/layout.tsx [Server Component]


    at async transform (turbopack:///[turbo
pack-node]/transforms/postcss.ts:70:34) [C:
\Users\hjaya\.gemini\antigravity\scratch\re
dleads-website\.next\build\chunks\[root-of-
the-server]__51225daf._.js:146:36])
    at async run (turbopack:///[turbopack-n
ode]/ipc/evaluate.ts:92:23) [C:\Users\hjaya
\.gemini\antigravity\scratch\redleads-websi
te\.next\build\chunks\[root-of-the-server]_
_974941ed._.js:443:31])
