
> redleads-website@0.1.0 build
> next build

Γû▓ Next.js 16.1.1 (Turbopack)
- Environments: .env.local, .env.production
- Experiments (use with caution):
  ┬╖ serverActions

  Creating an optimized production build ...
Γ£ô Compiled successfully in 10.9s
  Running TypeScript ...
node.exe : Failed to compile.
At C:\nvm4w\nodejs\npm.ps1:29 char:3
+   & $NODE_EXE $NPM_CLI_JS $args
+   ~~~~~~~~~~~~~~~~~~~~~~~~~~~~~
    + CategoryInfo          : NotSpec 
   ified: (Failed to compile.:String  
  ) [], RemoteException
    + FullyQualifiedErrorId : NativeC 
   ommandError
 

.next/dev/types/validator.ts:224:39
Type error: Cannot find module '../../
../app/tools/reddit-karma-calculator/p
age.js' or its corresponding type 
declarations.

[0m [90m 222 |[39m {
 [90m 223 |[39m   type __IsExpected
[33m<[39m[33mSpecific[39m 
[36mextends[39m [33mAppPageConfig[
39m[33m<[39m[32m"/tools/reddit-karm
a-calculator"[39m[33m>>[39m 
[33m=[39m [33mSpecific[39m
[31m[1m>[22m[39m[90m 224 |[39m  
 [36mconst[39m handler [33m=[39m 
{} [36mas[39m [36mtypeof[39m [36m
import[39m([32m"../../../app/tools/r
eddit-karma-calculator/page.js"[39m)
 [90m     |[39m                     
                  [31m[1m^[22m[39m
 [90m 225 |[39m   type __Check 
[33m=[39m __IsExpected[33m<[39m[3
6mtypeof[39m handler[33m>[39m
 [90m 226 |[39m   [90m// 
@ts-ignore[39m
 [90m 227 |[39m   type __Unused 
[33m=[39m __Check[0m
Next.js build worker exited with 
code: 1 and signal: null
